MESH      NAME         TAGS                                STATUS    LAST CONNECTED AGO   LAST UPDATED AGO   TOTAL UPDATES   TOTAL ERRORS
default   experiment   service=metrics,mobile version=v1   Online    2h3m4s               never              30              3
default   example      service=example                     Offline   never                never              0               0