{
  "items": [
    {
      "dataplane": {
        "networking": {
          "inbound": [
            {
              "interface": "127.0.0.1:8080:80",
              "tags": {
                "service": "mobile",
                "version": "v1"
              }
            },
            {
              "interface": "127.0.0.1:8090:90",
              "tags": {
                "service": "metrics",
                "version": "v1"
              }
            }
          ]
        }
      },
      "dataplaneInsight": {
        "subscriptions": [
          {
            "id": "1",
            "controlPlaneInstanceId": "node-001",
            "connectTime": "2018-07-17T16:05:36.995Z",
            "status": {
              "total": {
                "responsesSent": "10",
                "responsesRejected": "1"
              },
              "cds": {},
              "eds": {},
              "lds": {},
              "rds": {}
            }
          },
          {
            "id": "2",
            "controlPlaneInstanceId": "node-002",
            "connectTime": "2019-07-17T16:05:36.995Z",
            "status": {
              "total": {
                "responsesSent": "20",
                "responsesRejected": "2"
              },
              "cds": {},
              "eds": {},
              "lds": {},
              "rds": {}
            }
          }
        ]
      },
      "mesh": "default",
      "name": "experiment",
      "type": "DataplaneOverview"
    },
    {
      "dataplane": {
        "networking": {
          "inbound": [
            {
              "interface": "127.0.0.1:8080:80",
              "tags": {
                "service": "example"
              }
            }
          ]
        }
      },
      "dataplaneInsight": {
        "subscriptions": [
          {
            "id": "1",
            "controlPlaneInstanceId": "node-001",
            "status": {
              "total": {},
              "cds": {},
              "eds": {},
              "lds": {},
              "rds": {}
            }
          },
          {
            "id": "2",
            "controlPlaneInstanceId": "node-002",
            "status": {
              "total": {},
              "cds": {},
              "eds": {},
              "lds": {},
              "rds": {}
            }
          },
          {
            "id": "3",
            "controlPlaneInstanceId": "node-003",
            "status": {
              "total": {},
              "cds": {},
              "eds": {},
              "lds": {},
              "rds": {}
            }
          }
        ]
      },
      "mesh": "default",
      "name": "example",
      "type": "DataplaneOverview"
    }
  ]
}