dataplane:
  mesh: default
dataplaneRuntime:
  binaryPath: envoy
  configDir: /tmp/kuma.io/envoy
