contexts:
- controlPlane: other
  defaults:
    mesh: pilot
  name: other
controlPlanes:
- coordinates:
    apiServer:
      url: https://other.internal:5681
  name: other
currentContext: other
