NAME           ENVIRONMENT
k8s_minikube   k8s
vm_test        non-k8s
