items:
- mesh: pilot
  name: experiment
  subscriptions:
  - connectTime: "2018-07-17T16:05:36.995Z"
    controlPlaneInstanceId: node-001
    id: "1"
    status:
      cds: {}
      eds: {}
      lds: {}
      rds: {}
      total:
        responsesRejected: "1"
        responsesSent: "10"
  - connectTime: "2019-07-17T16:05:36.995Z"
    controlPlaneInstanceId: node-002
    id: "2"
    status:
      cds: {}
      eds: {}
      lds: {}
      rds: {}
      total:
        responsesRejected: "2"
        responsesSent: "20"
  type: DataplaneStatus
- mesh: default
  name: example
  subscriptions:
  - controlPlaneInstanceId: node-001
    id: "1"
    status:
      cds: {}
      eds: {}
      lds: {}
      rds: {}
      total: {}
  - controlPlaneInstanceId: node-002
    id: "2"
    status:
      cds: {}
      eds: {}
      lds: {}
      rds: {}
      total: {}
  - controlPlaneInstanceId: node-003
    id: "3"
    status:
      cds: {}
      eds: {}
      lds: {}
      rds: {}
      total: {}
  type: DataplaneStatus
