{
  "items": [
    {
      "mesh": "pilot",
      "name": "experiment",
      "subscriptions": [
        {
          "id": "1",
          "controlPlaneInstanceId": "node-001",
          "connectTime": "2018-07-17T16:05:36.995Z",
          "status": {
            "total": {
              "responsesSent": "10",
              "responsesRejected": "1"
            },
            "cds": {},
            "eds": {},
            "lds": {},
            "rds": {}
          }
        },
        {
          "id": "2",
          "controlPlaneInstanceId": "node-002",
          "connectTime": "2019-07-17T16:05:36.995Z",
          "status": {
            "total": {
              "responsesSent": "20",
              "responsesRejected": "2"
            },
            "cds": {},
            "eds": {},
            "lds": {},
            "rds": {}
          }
        }
      ],
      "type": "DataplaneStatus"
    },
    {
      "mesh": "default",
      "name": "example",
      "subscriptions": [
        {
          "id": "1",
          "controlPlaneInstanceId": "node-001",
          "status": {
            "total": {},
            "cds": {},
            "eds": {},
            "lds": {},
            "rds": {}
          }
        },
        {
          "id": "2",
          "controlPlaneInstanceId": "node-002",
          "status": {
            "total": {},
            "cds": {},
            "eds": {},
            "lds": {},
            "rds": {}
          }
        },
        {
          "id": "3",
          "controlPlaneInstanceId": "node-003",
          "status": {
            "total": {},
            "cds": {},
            "eds": {},
            "lds": {},
            "rds": {}
          }
        }
      ],
      "type": "DataplaneStatus"
    }
  ]
}
