MESH      NAMESPACE   NAME         SUBSCRIPTIONS   LAST CONNECTED AGO   TOTAL UPDATES   TOTAL ERRORS
pilot     trial       experiment   2               2h3m4s               30              3
default   demo        example      3               never                0               0
