contexts:
- controlPlane: example
  name: example
controlPlanes:
- coordinates:
    apiServer:
      url: https://konvoy-control-plane.internal:5681
  name: example
currentContext: example
