MESH      NAME
default   custom-template
default   another-template
