items:
  - mesh: mesh1
    mtls:
      ca:
        builtin: {}
    name: mesh1
    type: Mesh
  - mesh: mesh2
    mtls:
      ca:
        builtin: {}
    name: mesh2
    type: Mesh
