{
  "mtls": {
    "ca": {
      "builtin": {}
    },
    "enabled": true
  },
  "name": "demo",
  "type": "Mesh"
}
