dataplane:
  adminPort: 9901
dataplaneRuntime:
  binaryPath: envoy
  configDir: /tmp/kuma.io/envoy
