port: 5682
params:
  adminAccessLogPath: /dev/null
  adminAddress: 127.0.0.1
  adminPort: 0
  xdsConnectTimeout: 1s
  xdsHost: 127.0.0.1
  xdsPort: 5678
