controlPlane:
  xdsServer:
    port: 5678
dataplane:
  adminPort: 9901
dataplaneRuntime:
  binaryPath: envoy
  configDir: /tmp/getkonvoy.io/envoy
