items:
  - dataplane:
      networking:
        inbound:
          - interface: 127.0.0.1:8080:80
            tags:
              service: mobile
              version: v1
          - interface: 127.0.0.1:8090:90
            tags:
              service: metrics
              version: v1
    dataplaneInsight:
      subscriptions:
        - connectTime: "2018-07-17T16:05:36.995Z"
          controlPlaneInstanceId: node-001
          id: "1"
          status:
            cds: {}
            eds: {}
            lds: {}
            rds: {}
            total:
              responsesRejected: "1"
              responsesSent: "10"
        - connectTime: "2019-07-17T16:05:36.995Z"
          controlPlaneInstanceId: node-002
          id: "2"
          status:
            cds: {}
            eds: {}
            lds: {}
            rds: {}
            total:
              responsesRejected: "2"
              responsesSent: "20"
    mesh: default
    name: experiment
    type: DataplaneOverview
  - dataplane:
      networking:
        inbound:
          - interface: 127.0.0.1:8080:80
            tags:
              service: example
    dataplaneInsight:
      subscriptions:
        - controlPlaneInstanceId: node-001
          id: "1"
          status:
            cds: {}
            eds: {}
            lds: {}
            rds: {}
            total: {}
        - controlPlaneInstanceId: node-002
          id: "2"
          status:
            cds: {}
            eds: {}
            lds: {}
            rds: {}
            total: {}
        - controlPlaneInstanceId: node-003
          id: "3"
          status:
            cds: {}
            eds: {}
            lds: {}
            rds: {}
            total: {}
    mesh: default
    name: example
    type: DataplaneOverview